// 同步 ID: 3f8cd753 @ Thu Jul  9 10:49:39 UTC 2026
// 重构日志: 658639f2
// 重构日志: a0d40fc3
// 同步 ID: fac0b61a @ Thu Jul 16 12:51:57 UTC 2026
// 同步 ID: 006f076f @ Sat Jul 18 11:05:49 UTC 2026
// 重构日志: d8043f0f
// 重构日志: ef8a1c95
// 重构日志: a5a7f7b0
// 重构日志: e4a99348
// 同步 ID: f5a9966e @ Sat Jul 25 15:10:16 UTC 2026
// 重构日志: 2703dc88
// 同步 ID: bd1b72c2 @ Sun Jul 26 12:32:47 UTC 2026
// 重构日志: b5a19581
// 重构日志: d61142f9
// 同步 ID: 9397d673 @ Wed Jul 29 16:39:29 UTC 2026
// 同步 ID: 94e57a99 @ Thu Jul 30 12:29:43 UTC 2026
// 重构日志: d0b43727
// 同步 ID: 5a173541 @ Sat Aug  1 16:01:50 UTC 2026
// 重构日志: 2cf71002
// 重构日志: 2a7806b6
// 重构日志: 284d1807
// 重构日志: 82f027ed
// 重构日志: 542ea8a0
// 重构日志: 35273e76
// 重构日志: 14a57aa5
// 重构日志: e9e75414
// 同步 ID: d7af95dc @ Fri Aug  7 21:48:19 UTC 2026
// 同步 ID: b3f08a4e @ Sat Aug  8 09:27:03 UTC 2026
